// Jest Snapshot v1, https://goo.gl/fbAQLP

exports[`avroToTypeScript it should generate an interface 1`] = `
"export enum numberEnumType { ONE = 'ONE', TWO = 'TWO' };

export interface AllocsType {
	allocAccount: null | string;
	noNestedPartyIDs: null | number;
	allocQty: null | number;
}

export interface ExampleType {
	unionEnum: null | string | numberEnumType;
	mandatoryString: string;
	adouble: null | number;
	astring: null | string;
	amap: null | string | { [index:string]:numberEnumType };
	recordArray: null | AllocsType[];
	processCode: null | string;
	named: null | AllocsType;
}
"
`;

exports[`avroToTypeScript it should support overriding logical types 1`] = `
"export interface logicalOverrides {
	eventDate: Date;
	startTime: Date;
	displayTime: string;
}
"
`;

exports[`enumToTypesScript it should generate an enum 1`] = `
"export enum CompanySize { SMALL = 'SMALL', MEDIUM = 'MEDIUM', LARGE = 'LARGE' };
"
`;
